******************************************************************************
                  TI ARM Linker PC v20.2.1                     
******************************************************************************
>> Linked Fri Oct 30 01:21:51 2020

OUTPUT FILE NAME:   <Mid_20135200.out>
ENTRY POINT SYMBOL: "_c_int00_noargs"  address: 00001501


MEMORY CONFIGURATION

         name            origin    length      used     unused   attr    fill
----------------------  --------  ---------  --------  --------  ----  --------
  FLASH                 00000000   00100000  00001a6a  000fe596  R  X
  SRAM                  20000000   00040000  0000024c  0003fdb4  RW X


SEGMENT ALLOCATION MAP

run origin  load origin   length   init length attrs members
----------  ----------- ---------- ----------- ----- -------
00000000    00000000    00001a70   00001a70    r-x
  00000000    00000000    00000208   00000208    r-- .intvecs
  00000208    00000208    0000150a   0000150a    r-x .text
  00001714    00001714    00000328   00000328    r-- .const
  00001a40    00001a40    00000030   00000030    r-- .cinit
20000000    20000000    0000024d   00000000    rw-
  20000000    20000000    00000200   00000000    rw- .stack
  20000200    20000200    0000003f   00000000    rw- .bss
  20000240    20000240    0000000d   00000000    rw- .data


SECTION ALLOCATION MAP

 output                                  attributes/
section   page    origin      length       input sections
--------  ----  ----------  ----------   ----------------
.intvecs   0    00000000    00000208     
                  00000000    00000208     tm4c1294ncpdt_startup_ccs.obj (.intvecs)

.text      0    00000208    0000150a     
                  00000208    000006bc     main.obj (.text)
                  000008c4    000004a8     uartstdio.obj (.text)
                  00000d6c    00000200     driverlib.lib : sysctl.obj (.text:SysCtlClockFreqSet)
                  00000f6c    0000016c                   : gpio.obj (.text:GPIOPadConfigSet)
                  000010d8    0000009c     rtsv7M4_T_le_v4SPD16_eabi.lib : memcpy_t2.asm.obj (.text)
                  00001174    00000068     driverlib.lib : interrupt.obj (.text:IntEnable)
                  000011dc    00000068     rtsv7M4_T_le_v4SPD16_eabi.lib : copy_decompress_lzss.c.obj (.text:decompress:lzss:__TI_decompress_lzss)
                  00001244    00000060     driverlib.lib : timer.obj (.text:TimerConfigure)
                  000012a4    00000058                   : gpio.obj (.text:GPIOIntTypeSet)
                  000012fc    0000004c                   : gpio.obj (.text:GPIOPinConfigure)
                  00001348    00000048                   : sysctl.obj (.text:_SysCtlFrequencyGet)
                  00001390    00000046                   : uart.obj (.text:UARTConfigSetExpClk)
                  000013d6    00000002     rtsv7M4_T_le_v4SPD16_eabi.lib : div0.asm.obj (.text)
                  000013d8    00000044                                   : autoinit.c.obj (.text:__TI_auto_init_nobinit_nopinit:__TI_auto_init_nobinit_nopinit)
                  0000141c    00000040                                   : u_divt2.asm.obj (.text)
                  0000145c    00000038     driverlib.lib : sysctl.obj (.text:SysCtlPeripheralPresent)
                  00001494    00000038                   : sysctl.obj (.text:SysCtlPeripheralReady)
                  000014cc    00000034                   : sysctl.obj (.text:SysCtlPeripheralEnable)
                  00001500    00000034     rtsv7M4_T_le_v4SPD16_eabi.lib : boot_cortex_m.c.obj (.text:_c_int00_noargs:_c_int00_noargs)
                  00001534    0000002c     driverlib.lib : gpio.obj (.text:GPIODirModeSet)
                  00001560    00000020                   : uart.obj (.text:UARTDisable)
                  00001580    00000020                   : sysctl.obj (.text:_SysCtlMemTimingGet)
                  000015a0    0000001c     rtsv7M4_T_le_v4SPD16_eabi.lib : copy_zero_init.c.obj (.text:decompress:ZI:__TI_zero_init_nomemset:__TI_zero_init_nomemset)
                  000015bc    0000001a     driverlib.lib : gpio.obj (.text:GPIOPinTypeGPIOOutput)
                  000015d6    00000018     rtsv7M4_T_le_v4SPD16_eabi.lib : strrchr.c.obj (.text:strrchr)
                  000015ee    00000016     driverlib.lib : gpio.obj (.text:GPIOPinTypeTimer)
                  00001604    00000016                   : gpio.obj (.text:GPIOPinTypeUART)
                  0000161a    00000016     rtsv7M4_T_le_v4SPD16_eabi.lib : strchr.c.obj (.text:strchr)
                  00001630    00000014     driverlib.lib : uart.obj (.text:UARTEnable)
                  00001644    00000012                   : timer.obj (.text:TimerLoadSet)
                  00001656    00000012                   : timer.obj (.text:TimerMatchSet)
                  00001668    00000010                   : interrupt.obj (.text:IntMasterEnable)
                  00001678    0000000e                   : timer.obj (.text:TimerEnable)
                  00001686    0000000e     rtsv7M4_T_le_v4SPD16_eabi.lib : copy_decompress_none.c.obj (.text:decompress:none:__TI_decompress_none)
                  00001694    0000000c     driverlib.lib : cpu.obj (.text:CPUcpsie)
                  000016a0    0000000c                   : gpio.obj (.text:GPIOIntEnable)
                  000016ac    0000000c     tm4c1294ncpdt_startup_ccs.obj (.text)
                  000016b8    0000000a     driverlib.lib : timer.obj (.text:TimerValueGet)
                  000016c2    0000000a                   : uart.obj (.text:UARTCharGet)
                  000016cc    0000000a                   : uart.obj (.text:UARTCharPut)
                  000016d6    0000000a                   : uart.obj (.text:UARTIntStatus)
                  000016e0    00000008                   : timer.obj (.text:TimerIntEnable)
                  000016e8    00000008                   : uart.obj (.text:UARTIntEnable)
                  000016f0    00000006                   : gpio.obj (.text:GPIOIntClear)
                  000016f6    00000006                   : gpio.obj (.text:GPIOPinRead)
                  000016fc    00000006                   : gpio.obj (.text:GPIOPinWrite)
                  00001702    00000004                   : timer.obj (.text:TimerIntClear)
                  00001706    00000004                   : uart.obj (.text:UARTIntClear)
                  0000170a    00000004     rtsv7M4_T_le_v4SPD16_eabi.lib : pre_init.c.obj (.text:_system_pre_init)
                  0000170e    00000004                                   : exit.c.obj (.text:abort:abort)

.const     0    00001714    00000328     
                  00001714    000001b0     driverlib.lib : sysctl.obj (.const:g_pppui32XTALtoVCO)
                  000018c4    00000090                   : gpio.obj (.const:g_pui32GPIOBaseAddrs)
                  00001954    0000006c                   : sysctl.obj (.const:g_pui32Xtals)
                  000019c0    00000030                   : sysctl.obj (.const:g_sXTALtoMEMTIM)
                  000019f0    00000014                   : interrupt.obj (.const:g_pui32EnRegs)
                  00001a04    00000012     uartstdio.obj (.const:.string)
                  00001a16    00000002     --HOLE-- [fill = 0]
                  00001a18    0000000c     uartstdio.obj (.const:g_ui32UARTBase)
                  00001a24    0000000c     uartstdio.obj (.const:g_ui32UARTPeriph)
                  00001a30    00000008     driverlib.lib : sysctl.obj (.const:g_pui32VCOFrequencies)
                  00001a38    00000004     uartstdio.obj (.const)

.cinit     0    00001a40    00000030     
                  00001a40    0000000c     (__TI_handler_table)
                  00001a4c    00000004     --HOLE-- [fill = 0]
                  00001a50    00000008     (.cinit..bss.load) [load image, compression = zero_init]
                  00001a58    00000007     (.cinit..data.load) [load image, compression = lzss]
                  00001a5f    00000001     --HOLE-- [fill = 0]
                  00001a60    00000010     (__TI_cinit_table)

.init_array 
*          0    00000000    00000000     UNINITIALIZED

.bss       0    20000200    0000003f     UNINITIALIZED
                  20000200    00000014     (.common:g_command)
                  20000214    00000004     (.common:g_command_len)
                  20000218    00000004     (.common:g_i)
                  2000021c    00000004     (.common:g_rtc_sec)
                  20000220    00000004     (.common:g_ui32SysClock)
                  20000224    00000004     (.common:g_var_Day)
                  20000228    00000004     (.common:g_var_H)
                  2000022c    00000004     (.common:g_var_M)
                  20000230    00000004     (.common:g_var_Month)
                  20000234    00000004     (.common:g_var_S)
                  20000238    00000004     (.common:g_var_Year)
                  2000023c    00000001     (.common:g_charactor)
                  2000023d    00000001     (.common:g_first)
                  2000023e    00000001     (.common:g_second)

.data      0    20000240    0000000d     UNINITIALIZED
                  20000240    00000008     main.obj (.data)
                  20000248    00000005     uartstdio.obj (.data)

.stack     0    20000000    00000200     UNINITIALIZED
                  20000000    00000004     rtsv7M4_T_le_v4SPD16_eabi.lib : boot_cortex_m.c.obj (.stack)
                  20000004    000001fc     --HOLE--

__llvm_prf_cnts 
*          0    20000000    00000000     UNINITIALIZED

MODULE SUMMARY

       Module                          code   ro data   rw data
       ------                          ----   -------   -------
    .\
       main.obj                        1724   0         71     
       tm4c1294ncpdt_startup_ccs.obj   12     520       0      
    +--+-------------------------------+------+---------+---------+
       Total:                          1736   520       71     
                                                               
    .\utils\
       uartstdio.obj                   1192   46        5      
    +--+-------------------------------+------+---------+---------+
       Total:                          1192   46        5      
                                                               
    C:/ti/TivaWare_C_Series-2.2.0.295/driverlib/ccs/Debug/driverlib.lib
       sysctl.obj                      780    596       0      
       gpio.obj                        672    144       0      
       timer.obj                       168    0         0      
       uart.obj                        164    0         0      
       interrupt.obj                   120    20        0      
       cpu.obj                         12     0         0      
    +--+-------------------------------+------+---------+---------+
       Total:                          1916   760       0      
                                                               
    D:\css\ccs\tools\compiler\ti-cgt-arm_20.2.1.LTS\lib\rtsv7M4_T_le_v4SPD16_eabi.lib
       memcpy_t2.asm.obj               156    0         0      
       copy_decompress_lzss.c.obj      104    0         0      
       autoinit.c.obj                  68     0         0      
       u_divt2.asm.obj                 64     0         0      
       boot_cortex_m.c.obj             52     0         0      
       copy_zero_init.c.obj            28     0         0      
       strrchr.c.obj                   24     0         0      
       strchr.c.obj                    22     0         0      
       copy_decompress_none.c.obj      14     0         0      
       exit.c.obj                      4      0         0      
       pre_init.c.obj                  4      0         0      
       div0.asm.obj                    2      0         0      
    +--+-------------------------------+------+---------+---------+
       Total:                          542    0         0      
                                                               
       Stack:                          0      0         512    
       Linker Generated:               0      43        0      
    +--+-------------------------------+------+---------+---------+
       Grand Total:                    5386   1369      588    


LINKER GENERATED COPY TABLES

__TI_cinit_table @ 00001a60 records: 2, size/record: 8, table size: 16
	.bss: load addr=00001a50, load size=00000008 bytes, run addr=20000200, run size=0000003f bytes, compression=zero_init
	.data: load addr=00001a58, load size=00000007 bytes, run addr=20000240, run size=0000000d bytes, compression=lzss


LINKER GENERATED HANDLER TABLE

__TI_handler_table @ 00001a40 records: 3, size/record: 4, table size: 12
	index: 0, handler: __TI_decompress_lzss
	index: 1, handler: __TI_decompress_none
	index: 2, handler: __TI_zero_init


GLOBAL SYMBOLS: SORTED ALPHABETICALLY BY Name 

address   name                          
-------   ----                          
0000170f  C$$EXIT                       
00001695  CPUcpsie                      
00000257  ConfigureUART                 
00001535  GPIODirModeSet                
000016f1  GPIOIntClear                  
000016a1  GPIOIntEnable                 
000012a5  GPIOIntTypeSet                
00000f6d  GPIOPadConfigSet              
000012fd  GPIOPinConfigure              
000016f7  GPIOPinRead                   
000015bd  GPIOPinTypeGPIOOutput         
000015ef  GPIOPinTypeTimer              
00001605  GPIOPinTypeUART               
000016fd  GPIOPinWrite                  
000002af  GetCommand                    
00001175  IntEnable                     
00001669  IntMasterEnable               
000004d1  Int_UART0                     
00000501  RTC_clock                     
000016ad  ResetISR                      
00000215  SwitchIntHandler              
00000d6d  SysCtlClockFreqSet            
000014cd  SysCtlPeripheralEnable        
0000145d  SysCtlPeripheralPresent       
00001495  SysCtlPeripheralReady         
00000209  Timer0IntHandler              
00001245  TimerConfigure                
00001679  TimerEnable                   
00001703  TimerIntClear                 
000016e1  TimerIntEnable                
00001645  TimerLoadSet                  
00001657  TimerMatchSet                 
000016b9  TimerValueGet                 
000016c3  UARTCharGet                   
000016cd  UARTCharPut                   
00001391  UARTConfigSetExpClk           
00001561  UARTDisable                   
00001631  UARTEnable                    
00001707  UARTIntClear                  
000016e9  UARTIntEnable                 
000016d7  UARTIntStatus                 
000008c5  UARTStdioConfig               
000003d5  UARTget                       
00000a15  UARTgetc                      
0000095b  UARTgets                      
00000d37  UARTprintf                    
00000a3d  UARTvprintf                   
0000090b  UARTwrite                     
20000200  __STACK_END                   
00000200  __STACK_SIZE                  
20000200  __STACK_TOP                   
00001a60  __TI_CINIT_Base               
00001a70  __TI_CINIT_Limit              
00001a40  __TI_Handler_Table_Base       
00001a4c  __TI_Handler_Table_Limit      
000013d9  __TI_auto_init_nobinit_nopinit
000011dd  __TI_decompress_lzss          
00001687  __TI_decompress_none          
ffffffff  __TI_pprof_out_hndl           
ffffffff  __TI_prof_data_size           
ffffffff  __TI_prof_data_start          
00000000  __TI_static_base__            
000015a1  __TI_zero_init_nomemset       
000013d7  __aeabi_idiv0                 
000013d7  __aeabi_ldiv0                 
000010d9  __aeabi_memcpy                
000010d9  __aeabi_memcpy4               
000010d9  __aeabi_memcpy8               
0000141d  __aeabi_uidiv                 
0000141d  __aeabi_uidivmod              
ffffffff  __binit__                     
ffffffff  __c_args__                    
UNDEFED   __mpu_init                    
20000000  __stack                       
20000000  __start___llvm_prf_cnts       
20000000  __stop___llvm_prf_cnts        
00001501  _c_int00_noargs               
UNDEFED   _system_post_cinit            
0000170b  _system_pre_init              
0000170f  abort                         
ffffffff  binit                         
2000023c  g_charactor                   
20000200  g_command                     
20000214  g_command_len                 
2000023d  g_first                       
20000240  g_flag                        
20000218  g_i                           
00000000  g_pfnVectors                  
20000244  g_rtc_ala                     
2000021c  g_rtc_sec                     
2000023e  g_second                      
20000220  g_ui32SysClock                
20000224  g_var_Day                     
20000228  g_var_H                       
2000022c  g_var_M                       
20000230  g_var_Month                   
20000234  g_var_S                       
20000238  g_var_Year                    
000005b1  main                          
000010d9  memcpy                        
0000161b  strchr                        
000015d7  strrchr                       


GLOBAL SYMBOLS: SORTED BY Symbol Address 

address   name                          
-------   ----                          
00000000  __TI_static_base__            
00000000  g_pfnVectors                  
00000200  __STACK_SIZE                  
00000209  Timer0IntHandler              
00000215  SwitchIntHandler              
00000257  ConfigureUART                 
000002af  GetCommand                    
000003d5  UARTget                       
000004d1  Int_UART0                     
00000501  RTC_clock                     
000005b1  main                          
000008c5  UARTStdioConfig               
0000090b  UARTwrite                     
0000095b  UARTgets                      
00000a15  UARTgetc                      
00000a3d  UARTvprintf                   
00000d37  UARTprintf                    
00000d6d  SysCtlClockFreqSet            
00000f6d  GPIOPadConfigSet              
000010d9  __aeabi_memcpy                
000010d9  __aeabi_memcpy4               
000010d9  __aeabi_memcpy8               
000010d9  memcpy                        
00001175  IntEnable                     
000011dd  __TI_decompress_lzss          
00001245  TimerConfigure                
000012a5  GPIOIntTypeSet                
000012fd  GPIOPinConfigure              
00001391  UARTConfigSetExpClk           
000013d7  __aeabi_idiv0                 
000013d7  __aeabi_ldiv0                 
000013d9  __TI_auto_init_nobinit_nopinit
0000141d  __aeabi_uidiv                 
0000141d  __aeabi_uidivmod              
0000145d  SysCtlPeripheralPresent       
00001495  SysCtlPeripheralReady         
000014cd  SysCtlPeripheralEnable        
00001501  _c_int00_noargs               
00001535  GPIODirModeSet                
00001561  UARTDisable                   
000015a1  __TI_zero_init_nomemset       
000015bd  GPIOPinTypeGPIOOutput         
000015d7  strrchr                       
000015ef  GPIOPinTypeTimer              
00001605  GPIOPinTypeUART               
0000161b  strchr                        
00001631  UARTEnable                    
00001645  TimerLoadSet                  
00001657  TimerMatchSet                 
00001669  IntMasterEnable               
00001679  TimerEnable                   
00001687  __TI_decompress_none          
00001695  CPUcpsie                      
000016a1  GPIOIntEnable                 
000016ad  ResetISR                      
000016b9  TimerValueGet                 
000016c3  UARTCharGet                   
000016cd  UARTCharPut                   
000016d7  UARTIntStatus                 
000016e1  TimerIntEnable                
000016e9  UARTIntEnable                 
000016f1  GPIOIntClear                  
000016f7  GPIOPinRead                   
000016fd  GPIOPinWrite                  
00001703  TimerIntClear                 
00001707  UARTIntClear                  
0000170b  _system_pre_init              
0000170f  C$$EXIT                       
0000170f  abort                         
00001a40  __TI_Handler_Table_Base       
00001a4c  __TI_Handler_Table_Limit      
00001a60  __TI_CINIT_Base               
00001a70  __TI_CINIT_Limit              
20000000  __stack                       
20000000  __start___llvm_prf_cnts       
20000000  __stop___llvm_prf_cnts        
20000200  __STACK_END                   
20000200  __STACK_TOP                   
20000200  g_command                     
20000214  g_command_len                 
20000218  g_i                           
2000021c  g_rtc_sec                     
20000220  g_ui32SysClock                
20000224  g_var_Day                     
20000228  g_var_H                       
2000022c  g_var_M                       
20000230  g_var_Month                   
20000234  g_var_S                       
20000238  g_var_Year                    
2000023c  g_charactor                   
2000023d  g_first                       
2000023e  g_second                      
20000240  g_flag                        
20000244  g_rtc_ala                     
ffffffff  __TI_pprof_out_hndl           
ffffffff  __TI_prof_data_size           
ffffffff  __TI_prof_data_start          
ffffffff  __binit__                     
ffffffff  __c_args__                    
ffffffff  binit                         
UNDEFED   __mpu_init                    
UNDEFED   _system_post_cinit            

[102 symbols]
