******************************************************************************
                  TI ARM Linker PC v20.2.1                     
******************************************************************************
>> Linked Thu Oct 29 22:30:35 2020

OUTPUT FILE NAME:   <Mid_20135200.out>
ENTRY POINT SYMBOL: "_c_int00_noargs"  address: 0000144d


MEMORY CONFIGURATION

         name            origin    length      used     unused   attr    fill
----------------------  --------  ---------  --------  --------  ----  --------
  FLASH                 00000000   00100000  0000198c  000fe674  R  X
  SRAM                  20000000   00040000  00000254  0003fdac  RW X


SEGMENT ALLOCATION MAP

run origin  load origin   length   init length attrs members
----------  ----------- ---------- ----------- ----- -------
00000000    00000000    00001990   00001990    r-x
  00000000    00000000    00000208   00000208    r-- .intvecs
  00000208    00000208    0000142c   0000142c    r-x .text
  00001634    00001634    00000328   00000328    r-- .const
  00001960    00001960    00000030   00000030    r-- .cinit
20000000    20000000    00000255   00000000    rw-
  20000000    20000000    00000200   00000000    rw- .stack
  20000200    20000200    0000004f   00000000    rw- .bss
  20000250    20000250    00000005   00000000    rw- .data


SECTION ALLOCATION MAP

 output                                  attributes/
section   page    origin      length       input sections
--------  ----  ----------  ----------   ----------------
.intvecs   0    00000000    00000208     
                  00000000    00000208     tm4c1294ncpdt_startup_ccs.obj (.intvecs)

.text      0    00000208    0000142c     
                  00000208    00000660     main.obj (.text)
                  00000868    000004a8     uartstdio.obj (.text)
                  00000d10    00000200     driverlib.lib : sysctl.obj (.text:SysCtlClockFreqSet)
                  00000f10    0000016c                   : gpio.obj (.text:GPIOPadConfigSet)
                  0000107c    0000009c     rtsv7M4_T_le_v4SPD16_eabi.lib : memcpy_t2.asm.obj (.text)
                  00001118    00000068     driverlib.lib : interrupt.obj (.text:IntEnable)
                  00001180    00000068     rtsv7M4_T_le_v4SPD16_eabi.lib : copy_decompress_lzss.c.obj (.text:decompress:lzss:__TI_decompress_lzss)
                  000011e8    00000060     driverlib.lib : timer.obj (.text:TimerConfigure)
                  00001248    0000004c                   : gpio.obj (.text:GPIOPinConfigure)
                  00001294    00000048                   : sysctl.obj (.text:_SysCtlFrequencyGet)
                  000012dc    00000046                   : uart.obj (.text:UARTConfigSetExpClk)
                  00001322    00000002     rtsv7M4_T_le_v4SPD16_eabi.lib : div0.asm.obj (.text)
                  00001324    00000044                                   : autoinit.c.obj (.text:__TI_auto_init_nobinit_nopinit:__TI_auto_init_nobinit_nopinit)
                  00001368    00000040                                   : u_divt2.asm.obj (.text)
                  000013a8    00000038     driverlib.lib : sysctl.obj (.text:SysCtlPeripheralPresent)
                  000013e0    00000038                   : sysctl.obj (.text:SysCtlPeripheralReady)
                  00001418    00000034                   : sysctl.obj (.text:SysCtlPeripheralEnable)
                  0000144c    00000034     rtsv7M4_T_le_v4SPD16_eabi.lib : boot_cortex_m.c.obj (.text:_c_int00_noargs:_c_int00_noargs)
                  00001480    0000002c     driverlib.lib : gpio.obj (.text:GPIODirModeSet)
                  000014ac    00000020                   : uart.obj (.text:UARTDisable)
                  000014cc    00000020                   : sysctl.obj (.text:_SysCtlMemTimingGet)
                  000014ec    0000001c     rtsv7M4_T_le_v4SPD16_eabi.lib : copy_zero_init.c.obj (.text:decompress:ZI:__TI_zero_init_nomemset:__TI_zero_init_nomemset)
                  00001508    0000001a     driverlib.lib : gpio.obj (.text:GPIOPinTypeGPIOOutput)
                  00001522    00000018     rtsv7M4_T_le_v4SPD16_eabi.lib : strrchr.c.obj (.text:strrchr)
                  0000153a    00000016     driverlib.lib : gpio.obj (.text:GPIOPinTypeTimer)
                  00001550    00000016                   : gpio.obj (.text:GPIOPinTypeUART)
                  00001566    00000016     rtsv7M4_T_le_v4SPD16_eabi.lib : strchr.c.obj (.text:strchr)
                  0000157c    00000014     driverlib.lib : uart.obj (.text:UARTEnable)
                  00001590    00000012                   : timer.obj (.text:TimerMatchSet)
                  000015a2    00000010                   : interrupt.obj (.text:IntMasterEnable)
                  000015b2    0000000e                   : timer.obj (.text:TimerEnable)
                  000015c0    0000000e     rtsv7M4_T_le_v4SPD16_eabi.lib : copy_decompress_none.c.obj (.text:decompress:none:__TI_decompress_none)
                  000015ce    0000000c     driverlib.lib : cpu.obj (.text:CPUcpsie)
                  000015da    0000000c     tm4c1294ncpdt_startup_ccs.obj (.text)
                  000015e6    0000000a     driverlib.lib : timer.obj (.text:TimerValueGet)
                  000015f0    0000000a                   : uart.obj (.text:UARTCharGet)
                  000015fa    0000000a                   : uart.obj (.text:UARTCharPut)
                  00001604    0000000a                   : uart.obj (.text:UARTIntStatus)
                  0000160e    00000008                   : timer.obj (.text:TimerIntEnable)
                  00001616    00000008                   : uart.obj (.text:UARTIntEnable)
                  0000161e    00000006                   : gpio.obj (.text:GPIOPinWrite)
                  00001624    00000004                   : timer.obj (.text:TimerIntClear)
                  00001628    00000004                   : uart.obj (.text:UARTIntClear)
                  0000162c    00000004     rtsv7M4_T_le_v4SPD16_eabi.lib : pre_init.c.obj (.text:_system_pre_init)
                  00001630    00000004                                   : exit.c.obj (.text:abort:abort)

.const     0    00001634    00000328     
                  00001634    000001b0     driverlib.lib : sysctl.obj (.const:g_pppui32XTALtoVCO)
                  000017e4    00000090                   : gpio.obj (.const:g_pui32GPIOBaseAddrs)
                  00001874    0000006c                   : sysctl.obj (.const:g_pui32Xtals)
                  000018e0    00000030                   : sysctl.obj (.const:g_sXTALtoMEMTIM)
                  00001910    00000014                   : interrupt.obj (.const:g_pui32EnRegs)
                  00001924    00000012     uartstdio.obj (.const:.string)
                  00001936    00000002     --HOLE-- [fill = 0]
                  00001938    0000000c     uartstdio.obj (.const:g_ui32UARTBase)
                  00001944    0000000c     uartstdio.obj (.const:g_ui32UARTPeriph)
                  00001950    00000008     driverlib.lib : sysctl.obj (.const:g_pui32VCOFrequencies)
                  00001958    00000004     uartstdio.obj (.const)

.cinit     0    00001960    00000030     
                  00001960    0000000c     (__TI_handler_table)
                  0000196c    00000004     --HOLE-- [fill = 0]
                  00001970    00000008     (.cinit..bss.load) [load image, compression = zero_init]
                  00001978    00000007     (.cinit..data.load) [load image, compression = lzss]
                  0000197f    00000001     --HOLE-- [fill = 0]
                  00001980    00000010     (__TI_cinit_table)

.init_array 
*          0    00000000    00000000     UNINITIALIZED

.bss       0    20000200    0000004f     UNINITIALIZED
                  20000200    00000014     (.common:g_command)
                  20000214    00000004     (.common:g_alarm_H)
                  20000218    00000004     (.common:g_alarm_M)
                  2000021c    00000004     (.common:g_alarm_S)
                  20000220    00000004     (.common:g_command_len)
                  20000224    00000004     (.common:g_i)
                  20000228    00000004     (.common:g_rtc_ala)
                  2000022c    00000004     (.common:g_rtc_sec)
                  20000230    00000004     (.common:g_ui32SysClock)
                  20000234    00000004     (.common:g_var_Day)
                  20000238    00000004     (.common:g_var_H)
                  2000023c    00000004     (.common:g_var_M)
                  20000240    00000004     (.common:g_var_Month)
                  20000244    00000004     (.common:g_var_S)
                  20000248    00000004     (.common:g_var_Year)
                  2000024c    00000001     (.common:g_charactor)
                  2000024d    00000001     (.common:g_first)
                  2000024e    00000001     (.common:g_second)

.data      0    20000250    00000005     UNINITIALIZED
                  20000250    00000005     uartstdio.obj (.data)

.stack     0    20000000    00000200     UNINITIALIZED
                  20000000    00000004     rtsv7M4_T_le_v4SPD16_eabi.lib : boot_cortex_m.c.obj (.stack)
                  20000004    000001fc     --HOLE--

__llvm_prf_cnts 
*          0    20000000    00000000     UNINITIALIZED

MODULE SUMMARY

       Module                          code   ro data   rw data
       ------                          ----   -------   -------
    .\
       main.obj                        1632   0         79     
       tm4c1294ncpdt_startup_ccs.obj   12     520       0      
    +--+-------------------------------+------+---------+---------+
       Total:                          1644   520       79     
                                                               
    .\utils\
       uartstdio.obj                   1192   46        5      
    +--+-------------------------------+------+---------+---------+
       Total:                          1192   46        5      
                                                               
    C:/ti/TivaWare_C_Series-2.2.0.295/driverlib/ccs/Debug/driverlib.lib
       sysctl.obj                      780    596       0      
       gpio.obj                        560    144       0      
       uart.obj                        164    0         0      
       timer.obj                       150    0         0      
       interrupt.obj                   120    20        0      
       cpu.obj                         12     0         0      
    +--+-------------------------------+------+---------+---------+
       Total:                          1786   760       0      
                                                               
    D:\css\ccs\tools\compiler\ti-cgt-arm_20.2.1.LTS\lib\rtsv7M4_T_le_v4SPD16_eabi.lib
       memcpy_t2.asm.obj               156    0         0      
       copy_decompress_lzss.c.obj      104    0         0      
       autoinit.c.obj                  68     0         0      
       u_divt2.asm.obj                 64     0         0      
       boot_cortex_m.c.obj             52     0         0      
       copy_zero_init.c.obj            28     0         0      
       strrchr.c.obj                   24     0         0      
       strchr.c.obj                    22     0         0      
       copy_decompress_none.c.obj      14     0         0      
       exit.c.obj                      4      0         0      
       pre_init.c.obj                  4      0         0      
       div0.asm.obj                    2      0         0      
    +--+-------------------------------+------+---------+---------+
       Total:                          542    0         0      
                                                               
       Stack:                          0      0         512    
       Linker Generated:               0      43        0      
    +--+-------------------------------+------+---------+---------+
       Grand Total:                    5164   1369      596    


LINKER GENERATED COPY TABLES

__TI_cinit_table @ 00001980 records: 2, size/record: 8, table size: 16
	.bss: load addr=00001970, load size=00000008 bytes, run addr=20000200, run size=0000004f bytes, compression=zero_init
	.data: load addr=00001978, load size=00000007 bytes, run addr=20000250, run size=00000005 bytes, compression=lzss


LINKER GENERATED HANDLER TABLE

__TI_handler_table @ 00001960 records: 3, size/record: 4, table size: 12
	index: 0, handler: __TI_decompress_lzss
	index: 1, handler: __TI_decompress_none
	index: 2, handler: __TI_zero_init


GLOBAL SYMBOLS: SORTED ALPHABETICALLY BY Name 

address   name                          
-------   ----                          
00001631  C$$EXIT                       
000015cf  CPUcpsie                      
00000215  ConfigureUART                 
00001481  GPIODirModeSet                
00000f11  GPIOPadConfigSet              
00001249  GPIOPinConfigure              
00001509  GPIOPinTypeGPIOOutput         
0000153b  GPIOPinTypeTimer              
00001551  GPIOPinTypeUART               
0000161f  GPIOPinWrite                  
0000026d  GetCommand                    
00001119  IntEnable                     
000015a3  IntMasterEnable               
00000531  Int_UART0                     
00000551  RTC_clock                     
000015db  ResetISR                      
00000d11  SysCtlClockFreqSet            
00001419  SysCtlPeripheralEnable        
000013a9  SysCtlPeripheralPresent       
000013e1  SysCtlPeripheralReady         
00000209  Timer0IntHandler              
000011e9  TimerConfigure                
000015b3  TimerEnable                   
00001625  TimerIntClear                 
0000160f  TimerIntEnable                
00001591  TimerMatchSet                 
000015e7  TimerValueGet                 
000015f1  UARTCharGet                   
000015fb  UARTCharPut                   
000012dd  UARTConfigSetExpClk           
000014ad  UARTDisable                   
0000157d  UARTEnable                    
00001629  UARTIntClear                  
00001617  UARTIntEnable                 
00001605  UARTIntStatus                 
00000869  UARTStdioConfig               
00000421  UARTget                       
000009b9  UARTgetc                      
000008ff  UARTgets                      
00000cdb  UARTprintf                    
000009e1  UARTvprintf                   
000008af  UARTwrite                     
20000200  __STACK_END                   
00000200  __STACK_SIZE                  
20000200  __STACK_TOP                   
00001980  __TI_CINIT_Base               
00001990  __TI_CINIT_Limit              
00001960  __TI_Handler_Table_Base       
0000196c  __TI_Handler_Table_Limit      
00001325  __TI_auto_init_nobinit_nopinit
00001181  __TI_decompress_lzss          
000015c1  __TI_decompress_none          
ffffffff  __TI_pprof_out_hndl           
ffffffff  __TI_prof_data_size           
ffffffff  __TI_prof_data_start          
00000000  __TI_static_base__            
000014ed  __TI_zero_init_nomemset       
00001323  __aeabi_idiv0                 
00001323  __aeabi_ldiv0                 
0000107d  __aeabi_memcpy                
0000107d  __aeabi_memcpy4               
0000107d  __aeabi_memcpy8               
00001369  __aeabi_uidiv                 
00001369  __aeabi_uidivmod              
ffffffff  __binit__                     
ffffffff  __c_args__                    
UNDEFED   __mpu_init                    
20000000  __stack                       
20000000  __start___llvm_prf_cnts       
20000000  __stop___llvm_prf_cnts        
0000144d  _c_int00_noargs               
UNDEFED   _system_post_cinit            
0000162d  _system_pre_init              
00001631  abort                         
ffffffff  binit                         
20000214  g_alarm_H                     
20000218  g_alarm_M                     
2000021c  g_alarm_S                     
2000024c  g_charactor                   
20000200  g_command                     
20000220  g_command_len                 
2000024d  g_first                       
20000224  g_i                           
00000000  g_pfnVectors                  
20000228  g_rtc_ala                     
2000022c  g_rtc_sec                     
2000024e  g_second                      
20000230  g_ui32SysClock                
20000234  g_var_Day                     
20000238  g_var_H                       
2000023c  g_var_M                       
20000240  g_var_Month                   
20000244  g_var_S                       
20000248  g_var_Year                    
000005b1  main                          
0000107d  memcpy                        
00001567  strchr                        
00001523  strrchr                       


GLOBAL SYMBOLS: SORTED BY Symbol Address 

address   name                          
-------   ----                          
00000000  __TI_static_base__            
00000000  g_pfnVectors                  
00000200  __STACK_SIZE                  
00000209  Timer0IntHandler              
00000215  ConfigureUART                 
0000026d  GetCommand                    
00000421  UARTget                       
00000531  Int_UART0                     
00000551  RTC_clock                     
000005b1  main                          
00000869  UARTStdioConfig               
000008af  UARTwrite                     
000008ff  UARTgets                      
000009b9  UARTgetc                      
000009e1  UARTvprintf                   
00000cdb  UARTprintf                    
00000d11  SysCtlClockFreqSet            
00000f11  GPIOPadConfigSet              
0000107d  __aeabi_memcpy                
0000107d  __aeabi_memcpy4               
0000107d  __aeabi_memcpy8               
0000107d  memcpy                        
00001119  IntEnable                     
00001181  __TI_decompress_lzss          
000011e9  TimerConfigure                
00001249  GPIOPinConfigure              
000012dd  UARTConfigSetExpClk           
00001323  __aeabi_idiv0                 
00001323  __aeabi_ldiv0                 
00001325  __TI_auto_init_nobinit_nopinit
00001369  __aeabi_uidiv                 
00001369  __aeabi_uidivmod              
000013a9  SysCtlPeripheralPresent       
000013e1  SysCtlPeripheralReady         
00001419  SysCtlPeripheralEnable        
0000144d  _c_int00_noargs               
00001481  GPIODirModeSet                
000014ad  UARTDisable                   
000014ed  __TI_zero_init_nomemset       
00001509  GPIOPinTypeGPIOOutput         
00001523  strrchr                       
0000153b  GPIOPinTypeTimer              
00001551  GPIOPinTypeUART               
00001567  strchr                        
0000157d  UARTEnable                    
00001591  TimerMatchSet                 
000015a3  IntMasterEnable               
000015b3  TimerEnable                   
000015c1  __TI_decompress_none          
000015cf  CPUcpsie                      
000015db  ResetISR                      
000015e7  TimerValueGet                 
000015f1  UARTCharGet                   
000015fb  UARTCharPut                   
00001605  UARTIntStatus                 
0000160f  TimerIntEnable                
00001617  UARTIntEnable                 
0000161f  GPIOPinWrite                  
00001625  TimerIntClear                 
00001629  UARTIntClear                  
0000162d  _system_pre_init              
00001631  C$$EXIT                       
00001631  abort                         
00001960  __TI_Handler_Table_Base       
0000196c  __TI_Handler_Table_Limit      
00001980  __TI_CINIT_Base               
00001990  __TI_CINIT_Limit              
20000000  __stack                       
20000000  __start___llvm_prf_cnts       
20000000  __stop___llvm_prf_cnts        
20000200  __STACK_END                   
20000200  __STACK_TOP                   
20000200  g_command                     
20000214  g_alarm_H                     
20000218  g_alarm_M                     
2000021c  g_alarm_S                     
20000220  g_command_len                 
20000224  g_i                           
20000228  g_rtc_ala                     
2000022c  g_rtc_sec                     
20000230  g_ui32SysClock                
20000234  g_var_Day                     
20000238  g_var_H                       
2000023c  g_var_M                       
20000240  g_var_Month                   
20000244  g_var_S                       
20000248  g_var_Year                    
2000024c  g_charactor                   
2000024d  g_first                       
2000024e  g_second                      
ffffffff  __TI_pprof_out_hndl           
ffffffff  __TI_prof_data_size           
ffffffff  __TI_prof_data_start          
ffffffff  __binit__                     
ffffffff  __c_args__                    
ffffffff  binit                         
UNDEFED   __mpu_init                    
UNDEFED   _system_post_cinit            

[98 symbols]
